HI-TECH Software PICC-18 Compiler V9.80 ()

Linker command line:

--edf=C:\PIC\PICC-18\9.80\dat\en_msgs.txt -cs \
  -h+dist/default/debug\Radio_Controller.X.debug.sym -z -Q18F4550 -ol.obj \
  -Mdist/default/debug/Radio_Controller.X.debug.map -E1 -ver=PICC-18 \
  -ACODE=00h-07D2Fh -ACONST=00h-07D2Fh \
  -ASMALLCONST=0800h-08FFhx117,07D00h-07D2Fh -AMEDIUMCONST=0800h-07D2Fh \
  -ACOMRAM=01h-05Fh -AABS1=00h-03EEh,0400h-07FFh \
  -ABIGRAM=01h-03EEh,0400h-07FFh \
  -ARAM=060h-0FFh,0100h-01FFhx2,0300h-03EEh,0400h-04FFhx4 -ABANK0=060h-0FFh \
  -ABANK1=0100h-01FFh -ABANK2=0200h-02FFh -ABANK3=0300h-03EEh \
  -ABANK4=0400h-04FFh -ABANK5=0500h-05FFh -ABANK6=0600h-06FFh \
  -ABANK7=0700h-07FFh \
  -ASFR=0F60h-0F9Bh,0F9Dh-0FD3h,0FD5h-0FDAh,0FE0h-0FE2h,0FE8h-0FEAh,0FF0h-0FFBh \
  -preset_vec=00h,intcode=08h,intcodelo,powerup,init,end_init \
  -pramtop=0800h -psmallconst=SMALLCONST -pmediumconst=MEDIUMCONST \
  -pconst=CONST -AFARRAM=00h-00h -ACONFIG=0300000h-030000Dh -pconfig=CONFIG \
  -AIDLOC=0200000h-0200007h -pidloc=IDLOC -AEEDATA=0F00000h-0F000FFh \
  -peeprom_data=EEDATA \
  -prdata=COMRAM,nvrram=COMRAM,nvbit=COMRAM,rbss=COMRAM,rbit=COMRAM \
  -pfarbss=FARRAM,fardata=FARRAM \
  -pintsave_regs=BIGRAM,bigbss=BIGRAM,bigdata=BIGRAM -pbss=RAM \
  -pidata=CODE,irdata=CODE,ibigdata=CODE,ifardata=CODE \
  C:\Users\Rimco\AppData\Local\Temp\sgk.obj \
  dist/default/debug\Radio_Controller.X.debug.obj 

Object code version is 3.10

Machine type is 18F4550

Call graph: (short form)




                Name          Link     Load   Length Selector   Space       Scale
C:\Users\Rimco\AppData\Local\Temp\sgk.obj
                end_init        18       18        4       4     0
                reset_vec        0        0        6       0     0
                config      300000   300000        E  300000     0
dist/default/debug\Radio_Controller.X.debug.obj
                intcode          8        8       10       4     0
                mediumcon     7B2C     7B2C      204    3D96     0
                intcode_b       1C       1C      27E       4     0
                text7          672      672        E       4     0
                text6          29A      29A      1EC       4     0
                text5          63A      63A       2A       4     0
                text4          486      486       98       4     0
                text3          578      578       4E       4     0
                text2          610      610       2A       4     0
                text1          51E      51E       5A       4     0
                text0          664      664        E       4     0
                cstackCOM        1        1       20       1     1
                bssBIGRAM      25F      25F      190     25F     1
                dataCOMRA       36       36        4       1     1
                bssCOMRAM       21       21       15       1     1
                cinit          5C6      5C6       4A       4     0
                idataCOMR      680      680        4       4     0

TOTAL           Name          Link     Load   Length     Space
        CLASS   CODE           
                end_init        18       18        4     0
                intcode          8        8       10     0
                reset_vec        0        0        6     0
                intcode_b       1C       1C      27E     0
                text7          672      672        E     0
                text6          29A      29A      1EC     0
                text5          63A      63A       2A     0
                text4          486      486       98     0
                text3          578      578       4E     0
                text2          610      610       2A     0
                text1          51E      51E       5A     0
                text0          664      664        E     0
                cinit          5C6      5C6       4A     0
                idataCOMR      680      680        4     0

        CLASS   CONST          

        CLASS   SMALLCONST     

        CLASS   MEDIUMCONST    
                mediumcon     7B2C     7B2C      204     0

        CLASS   COMRAM         
                cstackCOM        1        1       20     1
                dataCOMRA       36       36        4     1
                bssCOMRAM       21       21       15     1

        CLASS   ABS1           

        CLASS   BIGRAM         
                bssBIGRAM      25F      25F      190     1

        CLASS   RAM            

        CLASS   BANK0          

        CLASS   BANK1          

        CLASS   BANK2          

        CLASS   BANK3          

        CLASS   BANK4          

        CLASS   BANK5          

        CLASS   BANK6          

        CLASS   BANK7          

        CLASS   SFR            

        CLASS   FARRAM         

        CLASS   CONFIG         
                config      300000   300000        E     0

        CLASS   IDLOC          

        CLASS   EEDATA         



SEGMENTS        Name            Load    Length   Top    Selector   Space  Class

                reset_vec       000000  000006  000006         0       0  CODE    
                cstackCOMRAM    000001  000039  00003A         1       1  COMRAM  
                intcode         000008  00067C  000684         4       0  CODE    
                bssBIGRAM_1     00025F  000190  0003EF       25F       1  BIGRAM  
                mediumconst     007B2C  000204  007D30      3D96       0  MEDIUMCO
                config          300000  00000E  30000E    300000       0  CONFIG  


UNUSED ADDRESS RANGES

        Name                Unused          Largest block    Delta
        BANK0            000060-0000FF               A0
        BANK1            000100-0001FF              100
        BANK2            000200-00025E               5F
        BANK4            000400-0004FF              100
        BANK5            000500-0005FF              100
        BANK6            000600-0006FF              100
        BANK7            000700-0007FF              100
        BIGRAM           00003A-00025E              225
                         000400-0007FF              400
        CODE             000006-000007                2
                         000684-007B2B             74A8
        COMRAM           00003A-00005F               26
        CONST            000006-000007                2
                         000684-007B2B             74A8
        EEDATA           F00000-F000FF              100
        IDLOC            200000-200007                8
        MEDIUMCONST      000800-007B2B             732C
        RAM              000060-00025E              100
                         000400-0007FF              100
        SFR              000F60-000F9B               3C
                         000F9D-000FD3               37
                         000FD5-000FDA                6
                         000FE0-000FE2                3
                         000FE8-000FEA                3
                         000FF0-000FFB                C
        SMALLCONST       000800-007B2B              100

                                  Symbol Table

??_checkAnalog                            cstackCOMRAM 000013
??_checkStateMachine                      cstackCOMRAM 000013
??_checkTimer1                            cstackCOMRAM 000021
??_initPIC                                cstackCOMRAM 000013
??_isr                                    cstackCOMRAM 000001
??_lastKnipperRecent                      cstackCOMRAM 000013
??_main                                   cstackCOMRAM 000021
??_predictiveStartUpdate                  cstackCOMRAM 000013
??_updatePowerRelais                      cstackCOMRAM 000013
?_checkAnalog                             cstackCOMRAM 000001
?_checkStateMachine                       cstackCOMRAM 000001
?_checkTimer1                             cstackCOMRAM 000001
?_initPIC                                 cstackCOMRAM 000001
?_isr                                     cstackCOMRAM 000001
?_lastKnipperRecent                       cstackCOMRAM 000001
?_main                                    cstackCOMRAM 000001
?_predictiveStartUpdate                   cstackCOMRAM 000001
?_updatePowerRelais                       cstackCOMRAM 000001
_ADCON0                                   (abs)        000FC2
_ADCON1                                   (abs)        000FC1
_ADCON2                                   (abs)        000FC0
_ADRESH                                   (abs)        000FC4
_BAUDCON                                  (abs)        000FB8
_CCP1CON                                  (abs)        000FBD
_CCPR1L                                   (abs)        000FBE
_GO_DONE                                  (abs)        007E11
_INTCONbits                               (abs)        000FF2
_LATB0                                    (abs)        007C50
_LATB2                                    (abs)        007C52
_LATC0                                    (abs)        007C58
_LATC1                                    (abs)        007C59
_LATD0                                    (abs)        007C60
_LATD7                                    (abs)        007C67
_PORTA                                    (abs)        000F80
_PORTB                                    (abs)        000F81
_PORTC                                    (abs)        000F82
_PORTD                                    (abs)        000F83
_PORTE                                    (abs)        000F84
_PR2                                      (abs)        000FCB
_PWR_BUTTON                               mediumconst  007B2C
_RA4                                      (abs)        007C04
_RA5                                      (abs)        007C05
_RCSTA                                    (abs)        000FAB
_RD1                                      (abs)        007C19
_RE0                                      (abs)        007C20
_RE1                                      (abs)        007C21
_RE2                                      (abs)        007C22
_REP_BUTTON                               mediumconst  007D13
_SPBRG                                    (abs)        000FAF
_T0CON                                    (abs)        000FD5
_T1CON                                    (abs)        000FCD
_T2CON                                    (abs)        000FCA
_TMR0H                                    (abs)        000FD7
_TMR0IE                                   (abs)        007F95
_TMR0IF                                   (abs)        007F92
_TMR0L                                    (abs)        000FD6
_TMR1H                                    (abs)        000FCF
_TMR1IF                                   (abs)        007CF0
_TMR1L                                    (abs)        000FCE
_TRISA                                    (abs)        000F92
_TRISB                                    (abs)        000F93
_TRISC                                    (abs)        000F94
_TRISD                                    (abs)        000F95
_TXIF                                     (abs)        007CF4
_TXREG                                    (abs)        000FAD
_TXSTA                                    (abs)        000FAC
_VOL_DOWN_BUTTON                          mediumconst  007BCF
_VOL_UP_BUTTON                            mediumconst  007C71
__CFG_BOR$ON                              (abs)        000000
__CFG_BORV$1                              (abs)        000000
__CFG_CCP2MX$ON                           (abs)        000000
__CFG_CP0$OFF                             (abs)        000000
__CFG_CP1$OFF                             (abs)        000000
__CFG_CP2$OFF                             (abs)        000000
__CFG_CP3$OFF                             (abs)        000000
__CFG_CPB$OFF                             (abs)        000000
__CFG_CPD$OFF                             (abs)        000000
__CFG_CPUDIV$OSC1_PLL2                    (abs)        000000
__CFG_EBTR0$OFF                           (abs)        000000
__CFG_EBTR1$OFF                           (abs)        000000
__CFG_EBTR2$OFF                           (abs)        000000
__CFG_EBTR3$OFF                           (abs)        000000
__CFG_EBTRB$OFF                           (abs)        000000
__CFG_FCMEN$OFF                           (abs)        000000
__CFG_FOSC$HSPLL_HS                       (abs)        000000
__CFG_ICPRT$OFF                           (abs)        000000
__CFG_IESO$OFF                            (abs)        000000
__CFG_LPT1OSC$OFF                         (abs)        000000
__CFG_LVP$OFF                             (abs)        000000
__CFG_PBADEN$OFF                          (abs)        000000
__CFG_PLLDIV$5                            (abs)        000000
__CFG_PWRT$ON                             (abs)        000000
__CFG_STVREN$ON                           (abs)        000000
__CFG_USBDIV$2                            (abs)        000000
__CFG_VREGEN$OFF                          (abs)        000000
__CFG_WDT$OFF                             (abs)        000000
__CFG_WDTPS$32768                         (abs)        000000
__CFG_WRT0$OFF                            (abs)        000000
__CFG_WRT1$OFF                            (abs)        000000
__CFG_WRT2$OFF                            (abs)        000000
__CFG_WRT3$OFF                            (abs)        000000
__CFG_WRTB$OFF                            (abs)        000000
__CFG_WRTC$OFF                            (abs)        000000
__CFG_WRTD$OFF                            (abs)        000000
__CFG_XINST$OFF                           (abs)        000000
__HRAM                                    (abs)        000000
__Habs1                                   abs1         000000
__Hbank0                                  bank0        000000
__Hbank1                                  bank1        000000
__Hbank2                                  bank2        000000
__Hbank3                                  bank3        000000
__Hbank4                                  bank4        000000
__Hbank5                                  bank5        000000
__Hbank6                                  bank6        000000
__Hbank7                                  bank7        000000
__Hbigbss                                 bigbss       000000
__Hbigdata                                bigdata      000000
__Hbigram                                 bigram       000000
__Hbss                                    bss          000000
__HbssBIGRAM_1                            bssBIGRAM_1  000000
__HbssCOMRAM                              bssCOMRAM    000000
__Hcinit                                  cinit        000000
__Hclrtext                                clrtext      000000
__Hcomram                                 comram       000000
__Hconfig                                 config       30000E
__Hconst                                  const        000000
__HcstackCOMRAM                           cstackCOMRAM 000000
__Hdata                                   data         000000
__HdataCOMRAM                             dataCOMRAM   000000
__Heeprom_data                            eeprom_data  000000
__Hend_init                               end_init     00001C
__Hfarbss                                 farbss       000000
__Hfardata                                fardata      000000
__Hibigdata                               ibigdata     000000
__Hidata                                  idata        000000
__HidataCOMRAM                            idataCOMRAM  000000
__Hidloc                                  idloc        000000
__Hifardata                               ifardata     000000
__Hinit                                   init         000018
__Hintcode                                intcode      000018
__Hintcode_body                           intcode_body 000000
__Hintcodelo                              intcodelo    000018
__Hintentry                               intentry     000000
__Hintret                                 intret       000000
__Hintsave_regs                           intsave_regs 000000
__Hirdata                                 irdata       000000
__Hmediumconst                            mediumconst  007D30
__Hnvbit                                  nvbit        000000
__Hnvrram                                 nvrram       000000
__Hpa_nodes                               pa_nodes     000000
__Hparam                                  rparam       000000
__Hpowerup                                powerup      000018
__Hram                                    ram          000000
__Hramtop                                 ramtop       000800
__Hrbit                                   rbit         000000
__Hrbss                                   rbss         000000
__Hrdata                                  rdata        000000
__Hreset_vec                              reset_vec    000006
__Hrparam                                 rparam       000000
__Hsfr                                    sfr          000000
__Hsmallconst                             smallconst   000000
__Hstruct                                 struct       000000
__Htemp                                   temp         000000
__Htext                                   text         000000
__Htext0                                  text0        000000
__Htext1                                  text1        000000
__Htext2                                  text2        000000
__Htext3                                  text3        000000
__Htext4                                  text4        000000
__Htext5                                  text5        000000
__Htext6                                  text6        000000
__Htext7                                  text7        000000
__LRAM                                    (abs)        000001
__Labs1                                   abs1         000000
__Lbank0                                  bank0        000000
__Lbank1                                  bank1        000000
__Lbank2                                  bank2        000000
__Lbank3                                  bank3        000000
__Lbank4                                  bank4        000000
__Lbank5                                  bank5        000000
__Lbank6                                  bank6        000000
__Lbank7                                  bank7        000000
__Lbigbss                                 bigbss       000000
__Lbigdata                                bigdata      000000
__Lbigram                                 bigram       000000
__Lbss                                    bss          000000
__LbssBIGRAM_1                            bssBIGRAM_1  000000
__LbssCOMRAM                              bssCOMRAM    000000
__Lcinit                                  cinit        000000
__Lclrtext                                clrtext      000000
__Lcomram                                 comram       000000
__Lconfig                                 config       300000
__Lconst                                  const        000000
__LcstackCOMRAM                           cstackCOMRAM 000000
__Ldata                                   data         000000
__LdataCOMRAM                             dataCOMRAM   000000
__Leeprom_data                            eeprom_data  000000
__Lend_init                               end_init     000018
__Lfarbss                                 farbss       000000
__Lfardata                                fardata      000000
__Libigdata                               ibigdata     000000
__Lidata                                  idata        000000
__LidataCOMRAM                            idataCOMRAM  000000
__Lidloc                                  idloc        000000
__Lifardata                               ifardata     000000
__Linit                                   init         000018
__Lintcode                                intcode      000008
__Lintcode_body                           intcode_body 000000
__Lintcodelo                              intcodelo    000018
__Lintentry                               intentry     000000
__Lintret                                 intret       000000
__Lintsave_regs                           intsave_regs 000000
__Lirdata                                 irdata       000000
__Lmediumconst                            mediumconst  007B2C
__Lnvbit                                  nvbit        000000
__Lnvrram                                 nvrram       000000
__Lpa_nodes                               pa_nodes     000000
__Lparam                                  rparam       000000
__Lpowerup                                powerup      000018
__Lram                                    ram          000000
__Lramtop                                 ramtop       000800
__Lrbit                                   rbit         000000
__Lrbss                                   rbss         000000
__Lrdata                                  rdata        000000
__Lreset_vec                              reset_vec    000000
__Lrparam                                 rparam       000000
__Lsfr                                    sfr          000000
__Lsmallconst                             smallconst   000000
__Lstruct                                 struct       000000
__Ltemp                                   temp         000000
__Ltext                                   text         000000
__Ltext0                                  text0        000000
__Ltext1                                  text1        000000
__Ltext2                                  text2        000000
__Ltext3                                  text3        000000
__Ltext4                                  text4        000000
__Ltext5                                  text5        000000
__Ltext6                                  text6        000000
__Ltext7                                  text7        000000
__S0                                      (abs)        30000E
__S1                                      (abs)        0003EF
___IT                                     (abs)        000101
__accesstop                               (abs)        000060
__activetblptr                            (abs)        000002
__end_of_checkAnalog                      text3        0005C6
__end_of_checkStateMachine                text6        000486
__end_of_checkTimer1                      text2        00063A
__end_of_initPIC                          text1        000578
__end_of_isr                              intcode_body 00029A
__end_of_lastKnipperRecent                text7        000680
__end_of_main                             text1        00051E
__end_of_predictiveStartUpdate            text4        00051E
__end_of_updatePowerRelais                text5        000664
__mediumconst                             mediumconst  007B2C
__pbssBIGRAM_1                            bssBIGRAM_1  00025F
__pbssCOMRAM                              bssCOMRAM    000021
__pcinit                                  cinit        0005C6
__pcstackCOMRAM                           cstackCOMRAM 000001
__pdataCOMRAM                             dataCOMRAM   000036
__pidataCOMRAM                            idataCOMRAM  000680
__pintcode                                intcode      000008
__pintcode_body                           intcode_body 00001C
__pmediumconst                            mediumconst  007B2C
__ptext0                                  text0        000664
__ptext1                                  text1        00051E
__ptext2                                  text2        000610
__ptext3                                  text3        000578
__ptext4                                  text4        000486
__ptext5                                  text5        00063A
__ptext6                                  text6        00029A
__ptext7                                  text7        000672
__ramtop                                  ramtop       000800
__size_of_checkAnalog                     (abs)        000000
__size_of_checkStateMachine               (abs)        000000
__size_of_checkTimer1                     (abs)        000000
__size_of_initPIC                         (abs)        000000
__size_of_isr                             (abs)        000000
__size_of_lastKnipperRecent               (abs)        000000
__size_of_main                            (abs)        000000
__size_of_predictiveStartUpdate           (abs)        000000
__size_of_updatePowerRelais               (abs)        000000
__smallconst                              smallconst   000000
_analog4Value                             bssCOMRAM    00002F
_analogState                              bssCOMRAM    000030
_checkAnalog                              text3        000578
_checkStateMachine                        text6        00029A
_checkTimer1                              text2        000610
_contactOffCounter                        dataCOMRAM   000038
_initPIC                                  text1        00051E
_irLastRecByte                            bssCOMRAM    000021
_irRecBytes                               bssBIGRAM_1  00025F
_irRecState                               bssCOMRAM    000023
_irSendBitIndex                           bssCOMRAM    000025
_irSendMessageIndex                       bssCOMRAM    000031
_isr                                      intcode      000008
_lastKnipperRecent                        text7        000672
_main                                     text0        000664
_noKnippers                               dataCOMRAM   000036
_predictState                             bssCOMRAM    000032
_predictStateTimer                        bssCOMRAM    000027
_predictiveStartUpdate                    text4        000486
_pumpOnCounter                            bssCOMRAM    000029
_shutdownPhase                            bssCOMRAM    000033
_startOffCounter                          dataCOMRAM   000039
_state                                    bssCOMRAM    000034
_stateTimer                               bssCOMRAM    00002B
_time250Hz                                bssCOMRAM    000035
_txIndex                                  bssCOMRAM    00002D
_updatePowerRelais                        text5        00063A
checkStateMachine@IDX_POWEROFF_RELAIS     cstackCOMRAM 00001D
checkStateMachine@IDX_PWR_BUTTON_TX_END   cstackCOMRAM 000019
checkStateMachine@IDX_TIMEOUT             cstackCOMRAM 000013
checkStateMachine@IDX_VOLUP_BUTTON_TX     cstackCOMRAM 000015
checkStateMachine@IDX_VOLUP_BUTTON_TX_END cstackCOMRAM 000017
checkStateMachine@IDX_VOL_DOWN_END        cstackCOMRAM 00001B
end_of_initialization                     cinit        000606
int_func                                  intcode_body 00001C
intlevel0                                 text         000000
intlevel1                                 text         000000
intlevel2                                 text         000000
intlevel3                                 text         000000
isr@bitNr                                 cstackCOMRAM 000009
isr@bitNr_74                              cstackCOMRAM 00000A
isr@byte                                  cstackCOMRAM 00000D
isr@byteNr                                cstackCOMRAM 00000E
isr@byteNr_73                             cstackCOMRAM 000012
isr@i                                     cstackCOMRAM 000010
isr@maxIndex                              cstackCOMRAM 00000B
predictiveStartUpdate@RECENTNESS_DELAY    cstackCOMRAM 000015
start                                     init         000018
start_initialization                      cinit        0005C6
